I'm sorry, but errors were detected in your script. Please correct the
errors listed below, and try again.


File "game/script.rpy", line 53: play requires a file
    play sound
              ^

Ren'Py Version: Ren'Py 7.3.5.606
Thu Nov 05 23:22:05 2020
